isbinaryfile@5.0.6
jws@4.0.0
plist@3.1.0
pend@1.2.0
vscode-uri@3.1.0
fd-slicer@1.1.0
node-forge@1.3.1
agentkeepalive@4.6.0
json-schema-traverse@0.4.1
ajv@6.12.6
dmg-license@1.0.11
humanize-ms@1.2.1
@pkgjs/parseargs@0.11.0
xxhash-wasm@1.1.0
define-data-property@1.1.4
responselike@2.0.1
hosted-git-info@4.1.0
@types/plist@3.0.5
@types/responselike@1.0.3
@types/geojson@7946.0.16
@types/http-cache-semantics@4.0.4
@types/stack-utils@2.0.3
@types/istanbul-reports@3.0.4
@types/cacheable-request@6.0.3
@types/ms@2.1.0
@types/yargs-parser@15.0.0
@types/keyv@3.1.4
@types/scheduler@0.16.2
@types/fs-extra@9.0.13
@types/istanbul-lib-report@3.0.0
@types/leaflet@1.9.20
